tests/ast-err.rns [1.11]: expected 'NL', got 'Colon'
def main()
          ^
