tests/item-call.lng [2.9]: not a function or method
    args[0]()
           ^
