tests/main-type-arg-0.rns [1.16]: 1st argument to main() must be of type &str
def main(name: str, args: array[str]):
               ^
