tests/no-func.lng [2.6]: not a function or method
    blah()
        ^
