tests/no-self.rns [2.2]: missing 'self' argument
    def __init__():
    ^
