tests/num-params.rns [5.5]: arguments (int, int) cannot be passed as (i32)
    foo(3, 4)
       ^
