tests/owner-after-pass.rns [7.8]: undefined name 's'
    print(s)
          ^
