tests/self-type.rns [2.24]: first method argument must be of type 'test'
    def __init__(self: int):
                       ^
