tests/ternop-err.rns [2.8]: unmatched types 'anyint', '&str'
    a = 1 if True else 'a'
          ^
