tests/unmatched.lng [2.10]: unmatched types 'int', 'str'
    print(1 == 'a')
            ^
